============================= test session starts =============================
platform win32 -- Python 3.14.0, pytest-9.0.2, pluggy-1.6.0
rootdir: C:\Users\Utente\Desktop\fastapi_social_api
plugins: anyio-4.12.0
collected 12 items / 11 deselected / 1 selected

test\test_posts.py .                                                     [100%]

====================== 1 passed, 11 deselected in 0.31s =======================
